// Jest Snapshot v1, https://goo.gl/fbAQLP

exports[`<FeedItem /> should match snapshot 1`] = `
Object {
  "asFragment": [Function],
  "baseElement": <body>
    <div>
      <div
        class="MuiStack-root css-9c4v0-MuiStack-root"
      >
        <div
          class="MuiBox-root css-0"
        >
          <div
            class="MuiStack-root css-1dksopf-MuiStack-root"
          >
            <p
              class="MuiTypography-root MuiTypography-body1 css-1t382tg-MuiTypography-root"
              data-testid="timestamp"
            >
              a few seconds
            </p>
            <div
              class="MuiAvatar-root MuiAvatar-circular MuiAvatar-colorDefault css-v6eczs-MuiAvatar-root"
            >
              <svg
                aria-hidden="true"
                class="MuiSvgIcon-root MuiSvgIcon-fontSizeMedium css-i4bv87-MuiSvgIcon-root"
                data-testid="PhoneIcon"
                focusable="false"
                viewBox="0 0 24 24"
              >
                <path
                  d="M6.62 10.79c1.44 2.83 3.76 5.14 6.59 6.59l2.2-2.2c.27-.27.67-.36 1.02-.24 1.12.37 2.33.57 3.57.57.55 0 1 .45 1 1V20c0 .55-.45 1-1 1-9.39 0-17-7.61-17-17 0-.55.45-1 1-1h3.5c.55 0 1 .45 1 1 0 1.25.2 2.45.57 3.57.11.35.03.74-.25 1.02z"
                />
              </svg>
            </div>
          </div>
        </div>
        <div
          class="MuiBox-root css-adclsq"
        >
          <div
            class="MuiBox-root css-0"
          >
            <p
              class="MuiTypography-root MuiTypography-body1 css-t60ksl-MuiTypography-root"
              data-testid="title"
            >
              <span
                class="MuiTypography-root MuiTypography-body1 css-tzy8sz-MuiTypography-root"
              >
                Me
              </span>
               had a call with 
              <span
                class="MuiTypography-root MuiTypography-body1 css-tzy8sz-MuiTypography-root"
              >
                You
              </span>
            </p>
            <p
              class="MuiTypography-root MuiTypography-body1 css-16v3jx0-MuiTypography-root"
              data-testid="message"
            >
              hello world
            </p>
          </div>
          <div
            class="css-1opzxad"
          >
            <button
              class="MuiButtonBase-root MuiButton-root MuiButton-text MuiButton-textPrimary MuiButton-sizeMedium MuiButton-textSizeMedium MuiButton-root MuiButton-text MuiButton-textPrimary MuiButton-sizeMedium MuiButton-textSizeMedium css-bfk5jd-MuiButtonBase-root-MuiButton-root"
              tabindex="0"
              type="button"
            >
              <svg
                aria-hidden="true"
                class="MuiSvgIcon-root MuiSvgIcon-fontSizeMedium css-i4bv87-MuiSvgIcon-root"
                data-testid="EditIcon"
                focusable="false"
                viewBox="0 0 24 24"
              >
                <path
                  d="M3 17.25V21h3.75L17.81 9.94l-3.75-3.75zM20.71 7.04c.39-.39.39-1.02 0-1.41l-2.34-2.34a.9959.9959 0 0 0-1.41 0l-1.83 1.83 3.75 3.75z"
                />
              </svg>
              <span
                class="MuiTouchRipple-root css-8je8zh-MuiTouchRipple-root"
              />
            </button>
            <button
              class="MuiButtonBase-root MuiButton-root MuiButton-text MuiButton-textPrimary MuiButton-sizeMedium MuiButton-textSizeMedium MuiButton-root MuiButton-text MuiButton-textPrimary MuiButton-sizeMedium MuiButton-textSizeMedium css-bfk5jd-MuiButtonBase-root-MuiButton-root"
              tabindex="0"
              type="button"
            >
              <svg
                aria-hidden="true"
                class="MuiSvgIcon-root MuiSvgIcon-fontSizeMedium css-i4bv87-MuiSvgIcon-root"
                data-testid="DeleteIcon"
                focusable="false"
                viewBox="0 0 24 24"
              >
                <path
                  d="M6 19c0 1.1.9 2 2 2h8c1.1 0 2-.9 2-2V7H6zM19 4h-3.5l-1-1h-5l-1 1H5v2h14z"
                />
              </svg>
              <span
                class="MuiTouchRipple-root css-8je8zh-MuiTouchRipple-root"
              />
            </button>
          </div>
        </div>
      </div>
    </div>
    <div>
      <div
        class="MuiStack-root css-9c4v0-MuiStack-root"
      >
        <div
          class="MuiBox-root css-0"
        >
          <div
            class="MuiStack-root css-1dksopf-MuiStack-root"
          >
            <p
              class="MuiTypography-root MuiTypography-body1 css-1t382tg-MuiTypography-root"
              data-testid="timestamp"
            >
              a few seconds
            </p>
            <div
              class="MuiAvatar-root MuiAvatar-circular MuiAvatar-colorDefault css-v6eczs-MuiAvatar-root"
            >
              <svg
                aria-hidden="true"
                class="MuiSvgIcon-root MuiSvgIcon-fontSizeMedium css-i4bv87-MuiSvgIcon-root"
                data-testid="PhoneIcon"
                focusable="false"
                viewBox="0 0 24 24"
              >
                <path
                  d="M6.62 10.79c1.44 2.83 3.76 5.14 6.59 6.59l2.2-2.2c.27-.27.67-.36 1.02-.24 1.12.37 2.33.57 3.57.57.55 0 1 .45 1 1V20c0 .55-.45 1-1 1-9.39 0-17-7.61-17-17 0-.55.45-1 1-1h3.5c.55 0 1 .45 1 1 0 1.25.2 2.45.57 3.57.11.35.03.74-.25 1.02z"
                />
              </svg>
            </div>
          </div>
        </div>
        <div
          class="MuiBox-root css-adclsq"
        >
          <div
            class="MuiBox-root css-0"
          >
            <p
              class="MuiTypography-root MuiTypography-body1 css-t60ksl-MuiTypography-root"
              data-testid="title"
            >
              <span
                class="MuiTypography-root MuiTypography-body1 css-tzy8sz-MuiTypography-root"
              >
                Me
              </span>
               had a call with 
              <span
                class="MuiTypography-root MuiTypography-body1 css-tzy8sz-MuiTypography-root"
              >
                You
              </span>
            </p>
            <p
              class="MuiTypography-root MuiTypography-body1 css-16v3jx0-MuiTypography-root"
              data-testid="message"
            >
              hello world
            </p>
          </div>
          <div
            class="css-1opzxad"
          >
            <button
              class="MuiButtonBase-root MuiButton-root MuiButton-text MuiButton-textPrimary MuiButton-sizeMedium MuiButton-textSizeMedium MuiButton-root MuiButton-text MuiButton-textPrimary MuiButton-sizeMedium MuiButton-textSizeMedium css-bfk5jd-MuiButtonBase-root-MuiButton-root"
              tabindex="0"
              type="button"
            >
              <svg
                aria-hidden="true"
                class="MuiSvgIcon-root MuiSvgIcon-fontSizeMedium css-i4bv87-MuiSvgIcon-root"
                data-testid="EditIcon"
                focusable="false"
                viewBox="0 0 24 24"
              >
                <path
                  d="M3 17.25V21h3.75L17.81 9.94l-3.75-3.75zM20.71 7.04c.39-.39.39-1.02 0-1.41l-2.34-2.34a.9959.9959 0 0 0-1.41 0l-1.83 1.83 3.75 3.75z"
                />
              </svg>
              <span
                class="MuiTouchRipple-root css-8je8zh-MuiTouchRipple-root"
              />
            </button>
            <button
              class="MuiButtonBase-root MuiButton-root MuiButton-text MuiButton-textPrimary MuiButton-sizeMedium MuiButton-textSizeMedium MuiButton-root MuiButton-text MuiButton-textPrimary MuiButton-sizeMedium MuiButton-textSizeMedium css-bfk5jd-MuiButtonBase-root-MuiButton-root"
              tabindex="0"
              type="button"
            >
              <svg
                aria-hidden="true"
                class="MuiSvgIcon-root MuiSvgIcon-fontSizeMedium css-i4bv87-MuiSvgIcon-root"
                data-testid="DeleteIcon"
                focusable="false"
                viewBox="0 0 24 24"
              >
                <path
                  d="M6 19c0 1.1.9 2 2 2h8c1.1 0 2-.9 2-2V7H6zM19 4h-3.5l-1-1h-5l-1 1H5v2h14z"
                />
              </svg>
              <span
                class="MuiTouchRipple-root css-8je8zh-MuiTouchRipple-root"
              />
            </button>
          </div>
        </div>
      </div>
    </div>
  </body>,
  "container": <div>
    <div
      class="MuiStack-root css-9c4v0-MuiStack-root"
    >
      <div
        class="MuiBox-root css-0"
      >
        <div
          class="MuiStack-root css-1dksopf-MuiStack-root"
        >
          <p
            class="MuiTypography-root MuiTypography-body1 css-1t382tg-MuiTypography-root"
            data-testid="timestamp"
          >
            a few seconds
          </p>
          <div
            class="MuiAvatar-root MuiAvatar-circular MuiAvatar-colorDefault css-v6eczs-MuiAvatar-root"
          >
            <svg
              aria-hidden="true"
              class="MuiSvgIcon-root MuiSvgIcon-fontSizeMedium css-i4bv87-MuiSvgIcon-root"
              data-testid="PhoneIcon"
              focusable="false"
              viewBox="0 0 24 24"
            >
              <path
                d="M6.62 10.79c1.44 2.83 3.76 5.14 6.59 6.59l2.2-2.2c.27-.27.67-.36 1.02-.24 1.12.37 2.33.57 3.57.57.55 0 1 .45 1 1V20c0 .55-.45 1-1 1-9.39 0-17-7.61-17-17 0-.55.45-1 1-1h3.5c.55 0 1 .45 1 1 0 1.25.2 2.45.57 3.57.11.35.03.74-.25 1.02z"
              />
            </svg>
          </div>
        </div>
      </div>
      <div
        class="MuiBox-root css-adclsq"
      >
        <div
          class="MuiBox-root css-0"
        >
          <p
            class="MuiTypography-root MuiTypography-body1 css-t60ksl-MuiTypography-root"
            data-testid="title"
          >
            <span
              class="MuiTypography-root MuiTypography-body1 css-tzy8sz-MuiTypography-root"
            >
              Me
            </span>
             had a call with 
            <span
              class="MuiTypography-root MuiTypography-body1 css-tzy8sz-MuiTypography-root"
            >
              You
            </span>
          </p>
          <p
            class="MuiTypography-root MuiTypography-body1 css-16v3jx0-MuiTypography-root"
            data-testid="message"
          >
            hello world
          </p>
        </div>
        <div
          class="css-1opzxad"
        >
          <button
            class="MuiButtonBase-root MuiButton-root MuiButton-text MuiButton-textPrimary MuiButton-sizeMedium MuiButton-textSizeMedium MuiButton-root MuiButton-text MuiButton-textPrimary MuiButton-sizeMedium MuiButton-textSizeMedium css-bfk5jd-MuiButtonBase-root-MuiButton-root"
            tabindex="0"
            type="button"
          >
            <svg
              aria-hidden="true"
              class="MuiSvgIcon-root MuiSvgIcon-fontSizeMedium css-i4bv87-MuiSvgIcon-root"
              data-testid="EditIcon"
              focusable="false"
              viewBox="0 0 24 24"
            >
              <path
                d="M3 17.25V21h3.75L17.81 9.94l-3.75-3.75zM20.71 7.04c.39-.39.39-1.02 0-1.41l-2.34-2.34a.9959.9959 0 0 0-1.41 0l-1.83 1.83 3.75 3.75z"
              />
            </svg>
            <span
              class="MuiTouchRipple-root css-8je8zh-MuiTouchRipple-root"
            />
          </button>
          <button
            class="MuiButtonBase-root MuiButton-root MuiButton-text MuiButton-textPrimary MuiButton-sizeMedium MuiButton-textSizeMedium MuiButton-root MuiButton-text MuiButton-textPrimary MuiButton-sizeMedium MuiButton-textSizeMedium css-bfk5jd-MuiButtonBase-root-MuiButton-root"
            tabindex="0"
            type="button"
          >
            <svg
              aria-hidden="true"
              class="MuiSvgIcon-root MuiSvgIcon-fontSizeMedium css-i4bv87-MuiSvgIcon-root"
              data-testid="DeleteIcon"
              focusable="false"
              viewBox="0 0 24 24"
            >
              <path
                d="M6 19c0 1.1.9 2 2 2h8c1.1 0 2-.9 2-2V7H6zM19 4h-3.5l-1-1h-5l-1 1H5v2h14z"
              />
            </svg>
            <span
              class="MuiTouchRipple-root css-8je8zh-MuiTouchRipple-root"
            />
          </button>
        </div>
      </div>
    </div>
  </div>,
  "debug": [Function],
  "findAllByAltText": [Function],
  "findAllByDisplayValue": [Function],
  "findAllByLabelText": [Function],
  "findAllByPlaceholderText": [Function],
  "findAllByRole": [Function],
  "findAllByTestId": [Function],
  "findAllByText": [Function],
  "findAllByTitle": [Function],
  "findByAltText": [Function],
  "findByDisplayValue": [Function],
  "findByLabelText": [Function],
  "findByPlaceholderText": [Function],
  "findByRole": [Function],
  "findByTestId": [Function],
  "findByText": [Function],
  "findByTitle": [Function],
  "getAllByAltText": [Function],
  "getAllByDisplayValue": [Function],
  "getAllByLabelText": [Function],
  "getAllByPlaceholderText": [Function],
  "getAllByRole": [Function],
  "getAllByTestId": [Function],
  "getAllByText": [Function],
  "getAllByTitle": [Function],
  "getByAltText": [Function],
  "getByDisplayValue": [Function],
  "getByLabelText": [Function],
  "getByPlaceholderText": [Function],
  "getByRole": [Function],
  "getByTestId": [Function],
  "getByText": [Function],
  "getByTitle": [Function],
  "queryAllByAltText": [Function],
  "queryAllByDisplayValue": [Function],
  "queryAllByLabelText": [Function],
  "queryAllByPlaceholderText": [Function],
  "queryAllByRole": [Function],
  "queryAllByTestId": [Function],
  "queryAllByText": [Function],
  "queryAllByTitle": [Function],
  "queryByAltText": [Function],
  "queryByDisplayValue": [Function],
  "queryByLabelText": [Function],
  "queryByPlaceholderText": [Function],
  "queryByRole": [Function],
  "queryByTestId": [Function],
  "queryByText": [Function],
  "queryByTitle": [Function],
  "rerender": [Function],
  "unmount": [Function],
}
`;
